// Jest Snapshot v1, https://goo.gl/fbAQLP

exports[`Modal render should render timeout control 1`] = `
<Modal
  show={true}
  width="600px"
>
  <Modal
    ariaHideApp={false}
    bodyOpenClassName="ReactModal__Body--open"
    closeTimeoutMS={0}
    contentLabel="Modal"
    isOpen={true}
    parentSelector={[Function]}
    portalClassName="ReactModalPortal"
    shouldCloseOnEsc={true}
    shouldCloseOnOverlayClick={false}
    shouldFocusAfterRender={true}
    shouldReturnFocusAfterClose={true}
    style={
      Object {
        "content": Object {
          "border": "none",
          "borderRadius": "none",
          "bottom": "initial",
          "marginLeft": "auto",
          "marginRight": "auto",
          "marginTop": "40px",
          "outline": "none",
          "padding": "none",
          "width": "600px",
        },
      }
    }
  >
    <ModalPortal
      ariaHideApp={false}
      bodyOpenClassName="ReactModal__Body--open"
      closeTimeoutMS={0}
      contentLabel="Modal"
      defaultStyles={
        Object {
          "content": Object {
            "WebkitOverflowScrolling": "touch",
            "background": "#fff",
            "border": "1px solid #ccc",
            "borderRadius": "4px",
            "bottom": "40px",
            "left": "40px",
            "outline": "none",
            "overflow": "auto",
            "padding": "20px",
            "position": "absolute",
            "right": "40px",
            "top": "40px",
          },
          "overlay": Object {
            "backgroundColor": "rgba(255, 255, 255, 0.75)",
            "bottom": 0,
            "left": 0,
            "position": "fixed",
            "right": 0,
            "top": 0,
          },
        }
      }
      isOpen={true}
      parentSelector={[Function]}
      portalClassName="ReactModalPortal"
      shouldCloseOnEsc={true}
      shouldCloseOnOverlayClick={false}
      shouldFocusAfterRender={true}
      shouldReturnFocusAfterClose={true}
      style={
        Object {
          "content": Object {
            "border": "none",
            "borderRadius": "none",
            "bottom": "initial",
            "marginLeft": "auto",
            "marginRight": "auto",
            "marginTop": "40px",
            "outline": "none",
            "padding": "none",
            "width": "600px",
          },
        }
      }
    >
      <div
        aria-modal="true"
        className="ReactModal__Overlay ReactModal__Overlay--after-open"
        onClick={[Function]}
        onMouseDown={[Function]}
        style={
          Object {
            "backgroundColor": "rgba(255, 255, 255, 0.75)",
            "bottom": 0,
            "left": 0,
            "position": "fixed",
            "right": 0,
            "top": 0,
          }
        }
      >
        <div
          aria-label="Modal"
          className="ReactModal__Content ReactModal__Content--after-open"
          onClick={[Function]}
          onKeyDown={[Function]}
          onMouseDown={[Function]}
          onMouseUp={[Function]}
          style={
            Object {
              "WebkitOverflowScrolling": "touch",
              "background": "#fff",
              "border": "none",
              "borderRadius": "none",
              "bottom": "initial",
              "left": "40px",
              "marginLeft": "auto",
              "marginRight": "auto",
              "marginTop": "40px",
              "outline": "none",
              "overflow": "auto",
              "padding": "none",
              "position": "absolute",
              "right": "40px",
              "top": "40px",
              "width": "600px",
            }
          }
          tabIndex="-1"
        />
      </div>
    </ModalPortal>
  </Modal>
</Modal>
`;
