// Jest Snapshot v1, https://goo.gl/fbAQLP

exports[`Button render should render self, children with base props 1`] = `
<body>
  <div>
    <div
      class="btn primary  "
      style="display: inline-flex; margin-left: 0px; margin-top: 0px;"
    >
      <div
        style="margin-bottom: 0px;"
      >
        Save
      </div>
    </div>
  </div>
  <temba-store />
</body>
`;
