// Jest Snapshot v1, https://goo.gl/fbAQLP

exports[`RemoveGroupsForm instance methods getGroups should return SearchResult[] if action is remove groups action and it has groups 1`] = `
Array [
  Object {
    "id": "2429d573-80d7-47f8-879f-f2ba442a1bfd",
    "name": "Unsatisfied Customers",
  },
  Object {
    "id": "783a5393-c47d-4dd0-bcfb-9ba8081d2f3f",
    "name": "Unknown Group",
  },
]
`;

exports[`RemoveGroupsForm instance methods getGroups should return an empty list if action's groups are null 1`] = `Array []`;

exports[`RemoveGroupsForm instance methods getGroups should return an empty list if action's groups property is an empty list 1`] = `Array []`;

exports[`RemoveGroupsForm instance methods getGroups should return empty list if action is add groups action 1`] = `Array []`;
