// Jest Snapshot v1, https://goo.gl/fbAQLP

exports[`StartFlowComp render should render flow name 1`] = `
<Fragment>
  <div
    className="node_asset"
    key="b1f332f3-bdd3-4891-aec5-1843a712dbf1"
  >
    <span
      className="node_label fe-split"
    />
    <a
      href="/flow/editor/b1f332f3-bdd3-4891-aec5-1843a712dbf1"
      onMouseDown={[Function]}
      onMouseUp={[Function]}
      rel="noopener noreferrer"
      target="_blank"
    >
      Colors
    </a>
  </div>
</Fragment>
`;
