// Jest Snapshot v1, https://goo.gl/fbAQLP

exports[`Flow helpers getDragStyle should return style object for drag selection box 1`] = `
Object {
  "height": 211,
  "left": 270,
  "top": 91,
  "width": 230,
}
`;

exports[`Flow instance methods onConnectorDrop should do NodeEditor work if the user is not dragging back 1`] = `
Array [
  Object {
    "originalAction": Object {
      "text": "",
      "type": "send_msg",
      "uuid": "4993f221-2381-47f9-97c3-878dc5ef258c",
    },
    "originalNode": Object {
      "ghost": true,
      "inboundConnections": Object {
        "8653ac06-00ba-4890-a79f-d30f3a55193b": "46e8d603-8e5d-4435-97dd-1333291aafca",
      },
      "node": Object {
        "actions": Array [
          Object {
            "text": "",
            "type": "send_msg",
            "uuid": "4993f221-2381-47f9-97c3-878dc5ef258c",
          },
        ],
        "exits": Array [
          Object {
            "destination_uuid": null,
            "uuid": "712ff538-daa1-4ab2-8ce3-762bc0bf7f12",
          },
        ],
        "uuid": "dbb8e943-0501-4405-aeaa-627414f976e1",
      },
      "ui": Object {
        "position": Object {
          "left": 0,
          "top": 0,
        },
        "type": "execute_actions",
      },
    },
  },
]
`;

exports[`Flow render should render NodeEditor 1`] = `
Object {
  "helpArticles": Object {},
  "plumberConnectExit": [MockFunction],
  "plumberRepaintForDuration": [MockFunction],
}
`;

exports[`Flow render should render Simulator 1`] = `
Object {
  "mergeEditorState": [MockFunction] {
    "calls": Array [
      Array [
        Object {
          "containerOffset": Object {
            "left": 0,
            "top": 0,
          },
        },
      ],
    ],
    "results": Array [
      Object {
        "type": "return",
        "value": undefined,
      },
    ],
  },
  "onToggled": [Function],
  "popped": undefined,
}
`;

exports[`Flow render should render dragNode 1`] = `
<div
  data-spec="ghost-node"
  key="09294c2a-031e-4e74-9b1c-aec239b2a145"
  style={
    Object {
      "display": "block",
      "position": "absolute",
      "visibility": "hidden",
    }
  }
>
  <Connect(NodeComp)
    ghost={true}
    nodeUUID="09294c2a-031e-4e74-9b1c-aec239b2a145"
    onlyNode={false}
    plumberConnectExit={[MockFunction]}
    plumberMakeSource={[MockFunction]}
    plumberMakeTarget={[MockFunction]}
    plumberRecalculate={[MockFunction]}
    plumberRemove={[MockFunction]}
    selected={false}
    startingNode={false}
  />
</div>
`;
