// Jest Snapshot v1, https://goo.gl/fbAQLP

exports[`Simulator renders 1`] = `
<div
  className="simContainer"
>
  <div>
    <div
      className="simulator simHidden"
      id="simulator"
      key="sim"
    >
      <div
        className="screen"
      >
        <div
          className="header"
        >
          <div
            className="close fe-x"
            onClick={[Function]}
          />
        </div>
        <div
          className="messages"
          style={
            Object {
              "height": 366,
            }
          }
        >
          <div
            id="bottom"
            style={
              Object {
                "clear": "both",
                "float": "left",
                "marginTop": 20,
              }
            }
          />
        </div>
        <div
          className="controls"
        >
          <input
            disabled={false}
            onKeyUp={[Function]}
            placeholder="Press home to start again"
            type="text"
          />
          <div
            className="showAttachmentsButton"
          >
            <div
              className="fe-paperclip"
              onClick={[Function]}
            />
          </div>
        </div>
        <div
          className="attachmentButtons "
        >
          <div
            className="fe-x"
            onClick={[Function]}
          />
          <div
            className="fe-picture2"
            onClick={[Function]}
          />
          <div
            className="fe-video"
            onClick={[Function]}
          />
          <div
            className="fe-mic"
            onClick={[Function]}
          />
          <div
            className="fe-map-marker"
            onClick={[Function]}
          />
        </div>
        <div
          className="drawer  forced"
          style={
            Object {
              "bottom": -0,
            }
          }
        />
        <div
          className="footer"
        >
          <a
            className="reset inactive"
            onClick={[Function]}
          />
        </div>
      </div>
    </div>
  </div>
  <div
    className="simulatorTab "
    onClick={[Function]}
  >
    <div
      className="simulatorTabIcon fe-smartphone"
    />
    <div
      className="simulatorTabText"
    >
      Run in
      <br />
      Simulator
    </div>
  </div>
</div>
`;
