// Jest Snapshot v1, https://goo.gl/fbAQLP

exports[`mutators moveActionUp() should move action up 1`] = `
Object {
  "node0": Object {
    "inboundConnections": Object {},
    "node": Object {
      "actions": Array [
        Object {
          "groups": Array [
            Object {
              "name": "Flow Participants",
              "uuid": "group_0",
            },
          ],
          "type": "add_contact_groups",
          "uuid": "node0_action1",
        },
        Object {
          "text": "Hi there, this is your first action!",
          "type": "send_msg",
          "uuid": "node0_action0",
        },
        Object {
          "groups": Array [
            Object {
              "name": "Nonresponsive",
              "uuid": "group_1",
            },
          ],
          "type": "remove_contact_groups",
          "uuid": "node0_action2",
        },
      ],
      "exits": Array [
        Object {
          "destination_node_uuid": "node1",
          "name": null,
          "uuid": "node0_exit0",
        },
      ],
      "uuid": "node0",
    },
    "ui": Object {
      "position": Object {
        "bottom": 254,
        "left": 0,
        "right": 220,
        "top": 0,
      },
    },
  },
  "node1": Object {
    "inboundConnections": Object {
      "node0_exit0": "node0",
    },
    "node": Object {
      "actions": Array [],
      "exits": Array [
        Object {
          "destination_node_uuid": "node2",
          "name": "Red",
          "uuid": "node1_exit0",
        },
        Object {
          "destination_node_uuid": "node2",
          "name": "Green",
          "uuid": "node1_exit1",
        },
        Object {
          "destination_node_uuid": "node2",
          "name": "Other",
          "uuid": "node1_exit2",
        },
      ],
      "router": Object {
        "cases": Array [
          Object {
            "arguments": Array [
              "red",
            ],
            "exit_uuid": "uuid_node1_exit0",
            "type": "has_any_word",
            "uuid": "node1_case0",
          },
          Object {
            "arguments": Array [
              "green",
            ],
            "exit_uuid": "uuid_node1_exit1",
            "type": "has_any_word",
            "uuid": "node1_case1",
          },
        ],
        "default_exit_uuid": "node1_exit2",
        "operand": "@input",
        "result_name": "color",
        "type": "switch",
      },
      "uuid": "node1",
      "wait": Object {
        "type": "msg",
      },
    },
    "ui": Object {
      "position": Object {
        "bottom": 370,
        "left": 0,
        "right": 220,
        "top": 280,
      },
      "type": "wait_for_response",
    },
  },
  "node2": Object {
    "inboundConnections": Object {
      "node1_exit0": "node1",
      "node1_exit1": "node1",
      "node1_exit2": "node1",
    },
    "node": Object {
      "actions": Array [
        Object {
          "text": "This has been really great.",
          "type": "send_msg",
          "uuid": "node2_action0",
        },
        Object {
          "field": Object {
            "key": "unknown_field",
            "name": "Unknown Field",
          },
          "type": "set_contact_field",
          "uuid": "node2_action1",
          "value": "Some Value",
        },
      ],
      "exits": Array [
        Object {
          "destination_node_uuid": "node3",
          "name": null,
          "uuid": "node2_exit0",
        },
      ],
      "uuid": "node2",
    },
    "ui": Object {
      "position": Object {
        "bottom": 498,
        "left": 0,
        "right": 220,
        "top": 400,
      },
    },
  },
  "node3": Object {
    "inboundConnections": Object {
      "node2_exit0": "node2",
    },
    "node": Object {
      "actions": Array [
        Object {
          "text": "Thanks for playing!",
          "type": "send_msg",
          "uuid": "node3_action0",
        },
      ],
      "exits": Array [
        Object {
          "destination_node_uuid": null,
          "name": null,
          "uuid": "node3_exit0",
        },
      ],
      "uuid": "node3",
    },
    "ui": Object {
      "position": Object {
        "bottom": 598,
        "left": 0,
        "right": 220,
        "top": 520,
      },
    },
  },
}
`;

exports[`mutators should addAction 1`] = `
Object {
  "node0": Object {
    "inboundConnections": Object {},
    "node": Object {
      "actions": Array [
        Object {
          "text": "Hi there, this is your first action!",
          "type": "send_msg",
          "uuid": "node0_action0",
        },
        Object {
          "groups": Array [
            Object {
              "name": "Flow Participants",
              "uuid": "group_0",
            },
          ],
          "type": "add_contact_groups",
          "uuid": "node0_action1",
        },
        Object {
          "groups": Array [
            Object {
              "name": "Nonresponsive",
              "uuid": "group_1",
            },
          ],
          "type": "remove_contact_groups",
          "uuid": "node0_action2",
        },
        Object {
          "text": "Hello World",
          "type": "send_msg",
          "uuid": "node0_action3",
        },
      ],
      "exits": Array [
        Object {
          "destination_node_uuid": "node1",
          "name": null,
          "uuid": "node0_exit0",
        },
      ],
      "uuid": "node0",
    },
    "ui": Object {
      "position": Object {
        "bottom": 254,
        "left": 0,
        "right": 220,
        "top": 0,
      },
    },
  },
  "node1": Object {
    "inboundConnections": Object {
      "node0_exit0": "node0",
    },
    "node": Object {
      "actions": Array [],
      "exits": Array [
        Object {
          "destination_node_uuid": "node2",
          "name": "Red",
          "uuid": "node1_exit0",
        },
        Object {
          "destination_node_uuid": "node2",
          "name": "Green",
          "uuid": "node1_exit1",
        },
        Object {
          "destination_node_uuid": "node2",
          "name": "Other",
          "uuid": "node1_exit2",
        },
      ],
      "router": Object {
        "cases": Array [
          Object {
            "arguments": Array [
              "red",
            ],
            "exit_uuid": "uuid_node1_exit0",
            "type": "has_any_word",
            "uuid": "node1_case0",
          },
          Object {
            "arguments": Array [
              "green",
            ],
            "exit_uuid": "uuid_node1_exit1",
            "type": "has_any_word",
            "uuid": "node1_case1",
          },
        ],
        "default_exit_uuid": "node1_exit2",
        "operand": "@input",
        "result_name": "color",
        "type": "switch",
      },
      "uuid": "node1",
      "wait": Object {
        "type": "msg",
      },
    },
    "ui": Object {
      "position": Object {
        "bottom": 370,
        "left": 0,
        "right": 220,
        "top": 280,
      },
      "type": "wait_for_response",
    },
  },
  "node2": Object {
    "inboundConnections": Object {
      "node1_exit0": "node1",
      "node1_exit1": "node1",
      "node1_exit2": "node1",
    },
    "node": Object {
      "actions": Array [
        Object {
          "text": "This has been really great.",
          "type": "send_msg",
          "uuid": "node2_action0",
        },
        Object {
          "field": Object {
            "key": "unknown_field",
            "name": "Unknown Field",
          },
          "type": "set_contact_field",
          "uuid": "node2_action1",
          "value": "Some Value",
        },
      ],
      "exits": Array [
        Object {
          "destination_node_uuid": "node3",
          "name": null,
          "uuid": "node2_exit0",
        },
      ],
      "uuid": "node2",
    },
    "ui": Object {
      "position": Object {
        "bottom": 498,
        "left": 0,
        "right": 220,
        "top": 400,
      },
    },
  },
  "node3": Object {
    "inboundConnections": Object {
      "node2_exit0": "node2",
    },
    "node": Object {
      "actions": Array [
        Object {
          "text": "Thanks for playing!",
          "type": "send_msg",
          "uuid": "node3_action0",
        },
      ],
      "exits": Array [
        Object {
          "destination_node_uuid": null,
          "name": null,
          "uuid": "node3_exit0",
        },
      ],
      "uuid": "node3",
    },
    "ui": Object {
      "position": Object {
        "bottom": 598,
        "left": 0,
        "right": 220,
        "top": 520,
      },
    },
  },
}
`;

exports[`mutators should addNode 1`] = `
Object {
  "node0": Object {
    "inboundConnections": Object {},
    "node": Object {
      "actions": Array [
        Object {
          "text": "Hi there, this is your first action!",
          "type": "send_msg",
          "uuid": "node0_action0",
        },
        Object {
          "groups": Array [
            Object {
              "name": "Flow Participants",
              "uuid": "group_0",
            },
          ],
          "type": "add_contact_groups",
          "uuid": "node0_action1",
        },
        Object {
          "groups": Array [
            Object {
              "name": "Nonresponsive",
              "uuid": "group_1",
            },
          ],
          "type": "remove_contact_groups",
          "uuid": "node0_action2",
        },
      ],
      "exits": Array [
        Object {
          "destination_node_uuid": "node3",
          "name": null,
          "uuid": "node0_exit0",
        },
      ],
      "uuid": "node0",
    },
    "ui": Object {
      "position": Object {
        "bottom": 254,
        "left": 0,
        "right": 220,
        "top": 0,
      },
    },
  },
  "node1": Object {
    "inboundConnections": Object {
      "node0_exit0": "node0",
    },
    "node": Object {
      "actions": Array [],
      "exits": Array [
        Object {
          "destination_node_uuid": "node2",
          "name": "Red",
          "uuid": "node1_exit0",
        },
        Object {
          "destination_node_uuid": "node2",
          "name": "Green",
          "uuid": "node1_exit1",
        },
        Object {
          "destination_node_uuid": "node2",
          "name": "Other",
          "uuid": "node1_exit2",
        },
      ],
      "router": Object {
        "cases": Array [
          Object {
            "arguments": Array [
              "red",
            ],
            "exit_uuid": "uuid_node1_exit0",
            "type": "has_any_word",
            "uuid": "node1_case0",
          },
          Object {
            "arguments": Array [
              "green",
            ],
            "exit_uuid": "uuid_node1_exit1",
            "type": "has_any_word",
            "uuid": "node1_case1",
          },
        ],
        "default_exit_uuid": "node1_exit2",
        "operand": "@input",
        "result_name": "color",
        "type": "switch",
      },
      "uuid": "node1",
      "wait": Object {
        "type": "msg",
      },
    },
    "ui": Object {
      "position": Object {
        "bottom": 370,
        "left": 0,
        "right": 220,
        "top": 280,
      },
      "type": "wait_for_response",
    },
  },
  "node2": Object {
    "inboundConnections": Object {
      "node1_exit0": "node1",
      "node1_exit1": "node1",
      "node1_exit2": "node1",
    },
    "node": Object {
      "actions": Array [
        Object {
          "text": "This has been really great.",
          "type": "send_msg",
          "uuid": "node2_action0",
        },
        Object {
          "field": Object {
            "key": "unknown_field",
            "name": "Unknown Field",
          },
          "type": "set_contact_field",
          "uuid": "node2_action1",
          "value": "Some Value",
        },
      ],
      "exits": Array [
        Object {
          "destination_node_uuid": "node3",
          "name": null,
          "uuid": "node2_exit0",
        },
      ],
      "uuid": "node2",
    },
    "ui": Object {
      "position": Object {
        "bottom": 498,
        "left": 0,
        "right": 220,
        "top": 400,
      },
    },
  },
  "node3": Object {
    "inboundConnections": Object {
      "node0_exit0": "node0",
    },
    "node": Object {
      "actions": Array [],
      "exits": Array [],
      "uuid": "node3",
    },
    "ui": Object {
      "position": Object {
        "left": 600,
        "top": 400,
      },
    },
  },
}
`;

exports[`mutators should removeAction 1`] = `
Object {
  "node0": Object {
    "inboundConnections": Object {},
    "node": Object {
      "actions": Array [
        Object {
          "groups": Array [
            Object {
              "name": "Flow Participants",
              "uuid": "group_0",
            },
          ],
          "type": "add_contact_groups",
          "uuid": "node0_action1",
        },
        Object {
          "groups": Array [
            Object {
              "name": "Nonresponsive",
              "uuid": "group_1",
            },
          ],
          "type": "remove_contact_groups",
          "uuid": "node0_action2",
        },
      ],
      "exits": Array [
        Object {
          "destination_node_uuid": "node1",
          "name": null,
          "uuid": "node0_exit0",
        },
      ],
      "uuid": "node0",
    },
    "ui": Object {
      "position": Object {
        "bottom": 254,
        "left": 0,
        "right": 220,
        "top": 0,
      },
    },
  },
  "node1": Object {
    "inboundConnections": Object {
      "node0_exit0": "node0",
    },
    "node": Object {
      "actions": Array [],
      "exits": Array [
        Object {
          "destination_node_uuid": "node2",
          "name": "Red",
          "uuid": "node1_exit0",
        },
        Object {
          "destination_node_uuid": "node2",
          "name": "Green",
          "uuid": "node1_exit1",
        },
        Object {
          "destination_node_uuid": "node2",
          "name": "Other",
          "uuid": "node1_exit2",
        },
      ],
      "router": Object {
        "cases": Array [
          Object {
            "arguments": Array [
              "red",
            ],
            "exit_uuid": "uuid_node1_exit0",
            "type": "has_any_word",
            "uuid": "node1_case0",
          },
          Object {
            "arguments": Array [
              "green",
            ],
            "exit_uuid": "uuid_node1_exit1",
            "type": "has_any_word",
            "uuid": "node1_case1",
          },
        ],
        "default_exit_uuid": "node1_exit2",
        "operand": "@input",
        "result_name": "color",
        "type": "switch",
      },
      "uuid": "node1",
      "wait": Object {
        "type": "msg",
      },
    },
    "ui": Object {
      "position": Object {
        "bottom": 370,
        "left": 0,
        "right": 220,
        "top": 280,
      },
      "type": "wait_for_response",
    },
  },
  "node2": Object {
    "inboundConnections": Object {
      "node1_exit0": "node1",
      "node1_exit1": "node1",
      "node1_exit2": "node1",
    },
    "node": Object {
      "actions": Array [
        Object {
          "text": "This has been really great.",
          "type": "send_msg",
          "uuid": "node2_action0",
        },
        Object {
          "field": Object {
            "key": "unknown_field",
            "name": "Unknown Field",
          },
          "type": "set_contact_field",
          "uuid": "node2_action1",
          "value": "Some Value",
        },
      ],
      "exits": Array [
        Object {
          "destination_node_uuid": "node3",
          "name": null,
          "uuid": "node2_exit0",
        },
      ],
      "uuid": "node2",
    },
    "ui": Object {
      "position": Object {
        "bottom": 498,
        "left": 0,
        "right": 220,
        "top": 400,
      },
    },
  },
  "node3": Object {
    "inboundConnections": Object {
      "node2_exit0": "node2",
    },
    "node": Object {
      "actions": Array [
        Object {
          "text": "Thanks for playing!",
          "type": "send_msg",
          "uuid": "node3_action0",
        },
      ],
      "exits": Array [
        Object {
          "destination_node_uuid": null,
          "name": null,
          "uuid": "node3_exit0",
        },
      ],
      "uuid": "node3",
    },
    "ui": Object {
      "position": Object {
        "bottom": 598,
        "left": 0,
        "right": 220,
        "top": 520,
      },
    },
  },
}
`;

exports[`mutators should removeConnection 1`] = `
Object {
  "node0": Object {
    "inboundConnections": Object {},
    "node": Object {
      "actions": Array [
        Object {
          "text": "Hi there, this is your first action!",
          "type": "send_msg",
          "uuid": "node0_action0",
        },
        Object {
          "groups": Array [
            Object {
              "name": "Flow Participants",
              "uuid": "group_0",
            },
          ],
          "type": "add_contact_groups",
          "uuid": "node0_action1",
        },
        Object {
          "groups": Array [
            Object {
              "name": "Nonresponsive",
              "uuid": "group_1",
            },
          ],
          "type": "remove_contact_groups",
          "uuid": "node0_action2",
        },
      ],
      "exits": Array [
        Object {
          "destination_node_uuid": null,
          "name": null,
          "uuid": "node0_exit0",
        },
      ],
      "uuid": "node0",
    },
    "ui": Object {
      "position": Object {
        "bottom": 254,
        "left": 0,
        "right": 220,
        "top": 0,
      },
    },
  },
  "node1": Object {
    "inboundConnections": Object {},
    "node": Object {
      "actions": Array [],
      "exits": Array [
        Object {
          "destination_node_uuid": "node2",
          "name": "Red",
          "uuid": "node1_exit0",
        },
        Object {
          "destination_node_uuid": "node2",
          "name": "Green",
          "uuid": "node1_exit1",
        },
        Object {
          "destination_node_uuid": "node2",
          "name": "Other",
          "uuid": "node1_exit2",
        },
      ],
      "router": Object {
        "cases": Array [
          Object {
            "arguments": Array [
              "red",
            ],
            "exit_uuid": "uuid_node1_exit0",
            "type": "has_any_word",
            "uuid": "node1_case0",
          },
          Object {
            "arguments": Array [
              "green",
            ],
            "exit_uuid": "uuid_node1_exit1",
            "type": "has_any_word",
            "uuid": "node1_case1",
          },
        ],
        "default_exit_uuid": "node1_exit2",
        "operand": "@input",
        "result_name": "color",
        "type": "switch",
      },
      "uuid": "node1",
      "wait": Object {
        "type": "msg",
      },
    },
    "ui": Object {
      "position": Object {
        "bottom": 370,
        "left": 0,
        "right": 220,
        "top": 280,
      },
      "type": "wait_for_response",
    },
  },
  "node2": Object {
    "inboundConnections": Object {
      "node1_exit0": "node1",
      "node1_exit1": "node1",
      "node1_exit2": "node1",
    },
    "node": Object {
      "actions": Array [
        Object {
          "text": "This has been really great.",
          "type": "send_msg",
          "uuid": "node2_action0",
        },
        Object {
          "field": Object {
            "key": "unknown_field",
            "name": "Unknown Field",
          },
          "type": "set_contact_field",
          "uuid": "node2_action1",
          "value": "Some Value",
        },
      ],
      "exits": Array [
        Object {
          "destination_node_uuid": "node3",
          "name": null,
          "uuid": "node2_exit0",
        },
      ],
      "uuid": "node2",
    },
    "ui": Object {
      "position": Object {
        "bottom": 498,
        "left": 0,
        "right": 220,
        "top": 400,
      },
    },
  },
  "node3": Object {
    "inboundConnections": Object {
      "node2_exit0": "node2",
    },
    "node": Object {
      "actions": Array [
        Object {
          "text": "Thanks for playing!",
          "type": "send_msg",
          "uuid": "node3_action0",
        },
      ],
      "exits": Array [
        Object {
          "destination_node_uuid": null,
          "name": null,
          "uuid": "node3_exit0",
        },
      ],
      "uuid": "node3",
    },
    "ui": Object {
      "position": Object {
        "bottom": 598,
        "left": 0,
        "right": 220,
        "top": 520,
      },
    },
  },
}
`;

exports[`mutators should updateLocalizations 1`] = `
Object {
  "_ui": Object {
    "languages": Array [],
    "nodes": Object {
      "node0": Object {
        "position": Object {
          "bottom": 254,
          "left": 0,
          "right": 220,
          "top": 0,
        },
      },
      "node1": Object {
        "position": Object {
          "bottom": 370,
          "left": 0,
          "right": 220,
          "top": 280,
        },
        "type": "wait_for_response",
      },
      "node2": Object {
        "position": Object {
          "bottom": 498,
          "left": 0,
          "right": 220,
          "top": 400,
        },
      },
      "node3": Object {
        "position": Object {
          "bottom": 598,
          "left": 0,
          "right": 220,
          "top": 520,
        },
      },
    },
    "stickies": Object {},
  },
  "language": "eng",
  "localization": Object {
    "spa": Object {
      "node0_action0": Array [
        Object {
          "text": "Hola Mundo!",
        },
      ],
    },
  },
  "name": "Boring Flow",
  "nodes": Array [
    Object {
      "actions": Array [
        Object {
          "text": "Hi there, this is your first action!",
          "type": "send_msg",
          "uuid": "node0_action0",
        },
        Object {
          "groups": Array [
            Object {
              "name": "Flow Participants",
              "uuid": "group_0",
            },
          ],
          "type": "add_contact_groups",
          "uuid": "node0_action1",
        },
        Object {
          "groups": Array [
            Object {
              "name": "Nonresponsive",
              "uuid": "group_1",
            },
          ],
          "type": "remove_contact_groups",
          "uuid": "node0_action2",
        },
      ],
      "exits": Array [
        Object {
          "destination_node_uuid": "node1",
          "name": null,
          "uuid": "node0_exit0",
        },
      ],
      "uuid": "node0",
    },
    Object {
      "actions": Array [],
      "exits": Array [
        Object {
          "destination_node_uuid": "node2",
          "name": "Red",
          "uuid": "node1_exit0",
        },
        Object {
          "destination_node_uuid": "node2",
          "name": "Green",
          "uuid": "node1_exit1",
        },
        Object {
          "destination_node_uuid": "node2",
          "name": "Other",
          "uuid": "node1_exit2",
        },
      ],
      "router": Object {
        "cases": Array [
          Object {
            "arguments": Array [
              "red",
            ],
            "exit_uuid": "uuid_node1_exit0",
            "type": "has_any_word",
            "uuid": "node1_case0",
          },
          Object {
            "arguments": Array [
              "green",
            ],
            "exit_uuid": "uuid_node1_exit1",
            "type": "has_any_word",
            "uuid": "node1_case1",
          },
        ],
        "default_exit_uuid": "node1_exit2",
        "operand": "@input",
        "result_name": "color",
        "type": "switch",
      },
      "uuid": "node1",
      "wait": Object {
        "type": "msg",
      },
    },
    Object {
      "actions": Array [
        Object {
          "text": "This has been really great.",
          "type": "send_msg",
          "uuid": "node2_action0",
        },
        Object {
          "field": Object {
            "key": "unknown_field",
            "name": "Unknown Field",
          },
          "type": "set_contact_field",
          "uuid": "node2_action1",
          "value": "Some Value",
        },
      ],
      "exits": Array [
        Object {
          "destination_node_uuid": "node3",
          "name": null,
          "uuid": "node2_exit0",
        },
      ],
      "uuid": "node2",
    },
    Object {
      "actions": Array [
        Object {
          "text": "Thanks for playing!",
          "type": "send_msg",
          "uuid": "node3_action0",
        },
      ],
      "exits": Array [
        Object {
          "destination_node_uuid": null,
          "name": null,
          "uuid": "node3_exit0",
        },
      ],
      "uuid": "node3",
    },
  ],
  "uuid": "boring",
}
`;

exports[`mutators should updateLocalizations 2`] = `
Object {
  "_ui": Object {
    "languages": Array [],
    "nodes": Object {
      "node0": Object {
        "position": Object {
          "bottom": 254,
          "left": 0,
          "right": 220,
          "top": 0,
        },
      },
      "node1": Object {
        "position": Object {
          "bottom": 370,
          "left": 0,
          "right": 220,
          "top": 280,
        },
        "type": "wait_for_response",
      },
      "node2": Object {
        "position": Object {
          "bottom": 498,
          "left": 0,
          "right": 220,
          "top": 400,
        },
      },
      "node3": Object {
        "position": Object {
          "bottom": 598,
          "left": 0,
          "right": 220,
          "top": 520,
        },
      },
    },
    "stickies": Object {},
  },
  "language": "eng",
  "localization": Object {
    "spa": Object {},
  },
  "name": "Boring Flow",
  "nodes": Array [
    Object {
      "actions": Array [
        Object {
          "text": "Hi there, this is your first action!",
          "type": "send_msg",
          "uuid": "node0_action0",
        },
        Object {
          "groups": Array [
            Object {
              "name": "Flow Participants",
              "uuid": "group_0",
            },
          ],
          "type": "add_contact_groups",
          "uuid": "node0_action1",
        },
        Object {
          "groups": Array [
            Object {
              "name": "Nonresponsive",
              "uuid": "group_1",
            },
          ],
          "type": "remove_contact_groups",
          "uuid": "node0_action2",
        },
      ],
      "exits": Array [
        Object {
          "destination_node_uuid": "node1",
          "name": null,
          "uuid": "node0_exit0",
        },
      ],
      "uuid": "node0",
    },
    Object {
      "actions": Array [],
      "exits": Array [
        Object {
          "destination_node_uuid": "node2",
          "name": "Red",
          "uuid": "node1_exit0",
        },
        Object {
          "destination_node_uuid": "node2",
          "name": "Green",
          "uuid": "node1_exit1",
        },
        Object {
          "destination_node_uuid": "node2",
          "name": "Other",
          "uuid": "node1_exit2",
        },
      ],
      "router": Object {
        "cases": Array [
          Object {
            "arguments": Array [
              "red",
            ],
            "exit_uuid": "uuid_node1_exit0",
            "type": "has_any_word",
            "uuid": "node1_case0",
          },
          Object {
            "arguments": Array [
              "green",
            ],
            "exit_uuid": "uuid_node1_exit1",
            "type": "has_any_word",
            "uuid": "node1_case1",
          },
        ],
        "default_exit_uuid": "node1_exit2",
        "operand": "@input",
        "result_name": "color",
        "type": "switch",
      },
      "uuid": "node1",
      "wait": Object {
        "type": "msg",
      },
    },
    Object {
      "actions": Array [
        Object {
          "text": "This has been really great.",
          "type": "send_msg",
          "uuid": "node2_action0",
        },
        Object {
          "field": Object {
            "key": "unknown_field",
            "name": "Unknown Field",
          },
          "type": "set_contact_field",
          "uuid": "node2_action1",
          "value": "Some Value",
        },
      ],
      "exits": Array [
        Object {
          "destination_node_uuid": "node3",
          "name": null,
          "uuid": "node2_exit0",
        },
      ],
      "uuid": "node2",
    },
    Object {
      "actions": Array [
        Object {
          "text": "Thanks for playing!",
          "type": "send_msg",
          "uuid": "node3_action0",
        },
      ],
      "exits": Array [
        Object {
          "destination_node_uuid": null,
          "name": null,
          "uuid": "node3_exit0",
        },
      ],
      "uuid": "node3",
    },
  ],
  "uuid": "boring",
}
`;

exports[`mutators updateAction() should update an action that was added 1`] = `
Object {
  "node0": Object {
    "inboundConnections": Object {},
    "node": Object {
      "actions": Array [
        Object {
          "text": "Hi there, this is your first action!",
          "type": "send_msg",
          "uuid": "node0_action0",
        },
        Object {
          "groups": Array [
            Object {
              "name": "Flow Participants",
              "uuid": "group_0",
            },
          ],
          "type": "add_contact_groups",
          "uuid": "node0_action1",
        },
        Object {
          "groups": Array [
            Object {
              "name": "Nonresponsive",
              "uuid": "group_1",
            },
          ],
          "type": "remove_contact_groups",
          "uuid": "node0_action2",
        },
        Object {
          "text": "Goodbye World",
          "type": "send_msg",
          "uuid": "node0_action3",
        },
      ],
      "exits": Array [
        Object {
          "destination_node_uuid": "node1",
          "name": null,
          "uuid": "node0_exit0",
        },
      ],
      "uuid": "node0",
    },
    "ui": Object {
      "position": Object {
        "bottom": 254,
        "left": 0,
        "right": 220,
        "top": 0,
      },
    },
  },
  "node1": Object {
    "inboundConnections": Object {
      "node0_exit0": "node0",
    },
    "node": Object {
      "actions": Array [],
      "exits": Array [
        Object {
          "destination_node_uuid": "node2",
          "name": "Red",
          "uuid": "node1_exit0",
        },
        Object {
          "destination_node_uuid": "node2",
          "name": "Green",
          "uuid": "node1_exit1",
        },
        Object {
          "destination_node_uuid": "node2",
          "name": "Other",
          "uuid": "node1_exit2",
        },
      ],
      "router": Object {
        "cases": Array [
          Object {
            "arguments": Array [
              "red",
            ],
            "exit_uuid": "uuid_node1_exit0",
            "type": "has_any_word",
            "uuid": "node1_case0",
          },
          Object {
            "arguments": Array [
              "green",
            ],
            "exit_uuid": "uuid_node1_exit1",
            "type": "has_any_word",
            "uuid": "node1_case1",
          },
        ],
        "default_exit_uuid": "node1_exit2",
        "operand": "@input",
        "result_name": "color",
        "type": "switch",
      },
      "uuid": "node1",
      "wait": Object {
        "type": "msg",
      },
    },
    "ui": Object {
      "position": Object {
        "bottom": 370,
        "left": 0,
        "right": 220,
        "top": 280,
      },
      "type": "wait_for_response",
    },
  },
  "node2": Object {
    "inboundConnections": Object {
      "node1_exit0": "node1",
      "node1_exit1": "node1",
      "node1_exit2": "node1",
    },
    "node": Object {
      "actions": Array [
        Object {
          "text": "This has been really great.",
          "type": "send_msg",
          "uuid": "node2_action0",
        },
        Object {
          "field": Object {
            "key": "unknown_field",
            "name": "Unknown Field",
          },
          "type": "set_contact_field",
          "uuid": "node2_action1",
          "value": "Some Value",
        },
      ],
      "exits": Array [
        Object {
          "destination_node_uuid": "node3",
          "name": null,
          "uuid": "node2_exit0",
        },
      ],
      "uuid": "node2",
    },
    "ui": Object {
      "position": Object {
        "bottom": 498,
        "left": 0,
        "right": 220,
        "top": 400,
      },
    },
  },
  "node3": Object {
    "inboundConnections": Object {
      "node2_exit0": "node2",
    },
    "node": Object {
      "actions": Array [
        Object {
          "text": "Thanks for playing!",
          "type": "send_msg",
          "uuid": "node3_action0",
        },
      ],
      "exits": Array [
        Object {
          "destination_node_uuid": null,
          "name": null,
          "uuid": "node3_exit0",
        },
      ],
      "uuid": "node3",
    },
    "ui": Object {
      "position": Object {
        "bottom": 598,
        "left": 0,
        "right": 220,
        "top": 520,
      },
    },
  },
}
`;

exports[`mutators updateConnection() should allow clearing connection 1`] = `
Object {
  "node0": Object {
    "inboundConnections": Object {},
    "node": Object {
      "actions": Array [
        Object {
          "text": "Hi there, this is your first action!",
          "type": "send_msg",
          "uuid": "node0_action0",
        },
        Object {
          "groups": Array [
            Object {
              "name": "Flow Participants",
              "uuid": "group_0",
            },
          ],
          "type": "add_contact_groups",
          "uuid": "node0_action1",
        },
        Object {
          "groups": Array [
            Object {
              "name": "Nonresponsive",
              "uuid": "group_1",
            },
          ],
          "type": "remove_contact_groups",
          "uuid": "node0_action2",
        },
      ],
      "exits": Array [
        Object {
          "destination_node_uuid": null,
          "name": null,
          "uuid": "node0_exit0",
        },
      ],
      "uuid": "node0",
    },
    "ui": Object {
      "position": Object {
        "bottom": 254,
        "left": 0,
        "right": 220,
        "top": 0,
      },
    },
  },
  "node1": Object {
    "inboundConnections": Object {},
    "node": Object {
      "actions": Array [],
      "exits": Array [
        Object {
          "destination_node_uuid": "node2",
          "name": "Red",
          "uuid": "node1_exit0",
        },
        Object {
          "destination_node_uuid": "node2",
          "name": "Green",
          "uuid": "node1_exit1",
        },
        Object {
          "destination_node_uuid": "node2",
          "name": "Other",
          "uuid": "node1_exit2",
        },
      ],
      "router": Object {
        "cases": Array [
          Object {
            "arguments": Array [
              "red",
            ],
            "exit_uuid": "uuid_node1_exit0",
            "type": "has_any_word",
            "uuid": "node1_case0",
          },
          Object {
            "arguments": Array [
              "green",
            ],
            "exit_uuid": "uuid_node1_exit1",
            "type": "has_any_word",
            "uuid": "node1_case1",
          },
        ],
        "default_exit_uuid": "node1_exit2",
        "operand": "@input",
        "result_name": "color",
        "type": "switch",
      },
      "uuid": "node1",
      "wait": Object {
        "type": "msg",
      },
    },
    "ui": Object {
      "position": Object {
        "bottom": 370,
        "left": 0,
        "right": 220,
        "top": 280,
      },
      "type": "wait_for_response",
    },
  },
  "node2": Object {
    "inboundConnections": Object {
      "node1_exit0": "node1",
      "node1_exit1": "node1",
      "node1_exit2": "node1",
    },
    "node": Object {
      "actions": Array [
        Object {
          "text": "This has been really great.",
          "type": "send_msg",
          "uuid": "node2_action0",
        },
        Object {
          "field": Object {
            "key": "unknown_field",
            "name": "Unknown Field",
          },
          "type": "set_contact_field",
          "uuid": "node2_action1",
          "value": "Some Value",
        },
      ],
      "exits": Array [
        Object {
          "destination_node_uuid": "node3",
          "name": null,
          "uuid": "node2_exit0",
        },
      ],
      "uuid": "node2",
    },
    "ui": Object {
      "position": Object {
        "bottom": 498,
        "left": 0,
        "right": 220,
        "top": 400,
      },
    },
  },
  "node3": Object {
    "inboundConnections": Object {
      "node2_exit0": "node2",
    },
    "node": Object {
      "actions": Array [
        Object {
          "text": "Thanks for playing!",
          "type": "send_msg",
          "uuid": "node3_action0",
        },
      ],
      "exits": Array [
        Object {
          "destination_node_uuid": null,
          "name": null,
          "uuid": "node3_exit0",
        },
      ],
      "uuid": "node3",
    },
    "ui": Object {
      "position": Object {
        "bottom": 598,
        "left": 0,
        "right": 220,
        "top": 520,
      },
    },
  },
}
`;

exports[`mutators updateConnection() should update connections 1`] = `
Object {
  "node0": Object {
    "inboundConnections": Object {},
    "node": Object {
      "actions": Array [
        Object {
          "text": "Hi there, this is your first action!",
          "type": "send_msg",
          "uuid": "node0_action0",
        },
        Object {
          "groups": Array [
            Object {
              "name": "Flow Participants",
              "uuid": "group_0",
            },
          ],
          "type": "add_contact_groups",
          "uuid": "node0_action1",
        },
        Object {
          "groups": Array [
            Object {
              "name": "Nonresponsive",
              "uuid": "group_1",
            },
          ],
          "type": "remove_contact_groups",
          "uuid": "node0_action2",
        },
      ],
      "exits": Array [
        Object {
          "destination_node_uuid": "node2",
          "name": null,
          "uuid": "node0_exit0",
        },
      ],
      "uuid": "node0",
    },
    "ui": Object {
      "position": Object {
        "bottom": 254,
        "left": 0,
        "right": 220,
        "top": 0,
      },
    },
  },
  "node1": Object {
    "inboundConnections": Object {},
    "node": Object {
      "actions": Array [],
      "exits": Array [
        Object {
          "destination_node_uuid": "node2",
          "name": "Red",
          "uuid": "node1_exit0",
        },
        Object {
          "destination_node_uuid": "node2",
          "name": "Green",
          "uuid": "node1_exit1",
        },
        Object {
          "destination_node_uuid": "node2",
          "name": "Other",
          "uuid": "node1_exit2",
        },
      ],
      "router": Object {
        "cases": Array [
          Object {
            "arguments": Array [
              "red",
            ],
            "exit_uuid": "uuid_node1_exit0",
            "type": "has_any_word",
            "uuid": "node1_case0",
          },
          Object {
            "arguments": Array [
              "green",
            ],
            "exit_uuid": "uuid_node1_exit1",
            "type": "has_any_word",
            "uuid": "node1_case1",
          },
        ],
        "default_exit_uuid": "node1_exit2",
        "operand": "@input",
        "result_name": "color",
        "type": "switch",
      },
      "uuid": "node1",
      "wait": Object {
        "type": "msg",
      },
    },
    "ui": Object {
      "position": Object {
        "bottom": 370,
        "left": 0,
        "right": 220,
        "top": 280,
      },
      "type": "wait_for_response",
    },
  },
  "node2": Object {
    "inboundConnections": Object {
      "node0_exit0": "node0",
      "node1_exit0": "node1",
      "node1_exit1": "node1",
      "node1_exit2": "node1",
    },
    "node": Object {
      "actions": Array [
        Object {
          "text": "This has been really great.",
          "type": "send_msg",
          "uuid": "node2_action0",
        },
        Object {
          "field": Object {
            "key": "unknown_field",
            "name": "Unknown Field",
          },
          "type": "set_contact_field",
          "uuid": "node2_action1",
          "value": "Some Value",
        },
      ],
      "exits": Array [
        Object {
          "destination_node_uuid": "node3",
          "name": null,
          "uuid": "node2_exit0",
        },
      ],
      "uuid": "node2",
    },
    "ui": Object {
      "position": Object {
        "bottom": 498,
        "left": 0,
        "right": 220,
        "top": 400,
      },
    },
  },
  "node3": Object {
    "inboundConnections": Object {
      "node2_exit0": "node2",
    },
    "node": Object {
      "actions": Array [
        Object {
          "text": "Thanks for playing!",
          "type": "send_msg",
          "uuid": "node3_action0",
        },
      ],
      "exits": Array [
        Object {
          "destination_node_uuid": null,
          "name": null,
          "uuid": "node3_exit0",
        },
      ],
      "uuid": "node3",
    },
    "ui": Object {
      "position": Object {
        "bottom": 598,
        "left": 0,
        "right": 220,
        "top": 520,
      },
    },
  },
}
`;

exports[`mutators updateConnection() should update without a previous destination 1`] = `
Object {
  "node0": Object {
    "inboundConnections": Object {
      "node2_exit0": "node2",
    },
    "node": Object {
      "actions": Array [
        Object {
          "text": "Hi there, this is your first action!",
          "type": "send_msg",
          "uuid": "node0_action0",
        },
        Object {
          "groups": Array [
            Object {
              "name": "Flow Participants",
              "uuid": "group_0",
            },
          ],
          "type": "add_contact_groups",
          "uuid": "node0_action1",
        },
        Object {
          "groups": Array [
            Object {
              "name": "Nonresponsive",
              "uuid": "group_1",
            },
          ],
          "type": "remove_contact_groups",
          "uuid": "node0_action2",
        },
      ],
      "exits": Array [
        Object {
          "destination_node_uuid": "node1",
          "name": null,
          "uuid": "node0_exit0",
        },
      ],
      "uuid": "node0",
    },
    "ui": Object {
      "position": Object {
        "bottom": 254,
        "left": 0,
        "right": 220,
        "top": 0,
      },
    },
  },
  "node1": Object {
    "inboundConnections": Object {
      "node0_exit0": "node0",
    },
    "node": Object {
      "actions": Array [],
      "exits": Array [
        Object {
          "destination_node_uuid": "node2",
          "name": "Red",
          "uuid": "node1_exit0",
        },
        Object {
          "destination_node_uuid": "node2",
          "name": "Green",
          "uuid": "node1_exit1",
        },
        Object {
          "destination_node_uuid": "node2",
          "name": "Other",
          "uuid": "node1_exit2",
        },
      ],
      "router": Object {
        "cases": Array [
          Object {
            "arguments": Array [
              "red",
            ],
            "exit_uuid": "uuid_node1_exit0",
            "type": "has_any_word",
            "uuid": "node1_case0",
          },
          Object {
            "arguments": Array [
              "green",
            ],
            "exit_uuid": "uuid_node1_exit1",
            "type": "has_any_word",
            "uuid": "node1_case1",
          },
        ],
        "default_exit_uuid": "node1_exit2",
        "operand": "@input",
        "result_name": "color",
        "type": "switch",
      },
      "uuid": "node1",
      "wait": Object {
        "type": "msg",
      },
    },
    "ui": Object {
      "position": Object {
        "bottom": 370,
        "left": 0,
        "right": 220,
        "top": 280,
      },
      "type": "wait_for_response",
    },
  },
  "node2": Object {
    "inboundConnections": Object {
      "node1_exit0": "node1",
      "node1_exit1": "node1",
      "node1_exit2": "node1",
    },
    "node": Object {
      "actions": Array [
        Object {
          "text": "This has been really great.",
          "type": "send_msg",
          "uuid": "node2_action0",
        },
        Object {
          "field": Object {
            "key": "unknown_field",
            "name": "Unknown Field",
          },
          "type": "set_contact_field",
          "uuid": "node2_action1",
          "value": "Some Value",
        },
      ],
      "exits": Array [
        Object {
          "destination_node_uuid": "node0",
          "name": null,
          "uuid": "node2_exit0",
        },
      ],
      "uuid": "node2",
    },
    "ui": Object {
      "position": Object {
        "bottom": 498,
        "left": 0,
        "right": 220,
        "top": 400,
      },
    },
  },
  "node3": Object {
    "inboundConnections": Object {},
    "node": Object {
      "actions": Array [
        Object {
          "text": "Thanks for playing!",
          "type": "send_msg",
          "uuid": "node3_action0",
        },
      ],
      "exits": Array [
        Object {
          "destination_node_uuid": null,
          "name": null,
          "uuid": "node3_exit0",
        },
      ],
      "uuid": "node3",
    },
    "ui": Object {
      "position": Object {
        "bottom": 598,
        "left": 0,
        "right": 220,
        "top": 520,
      },
    },
  },
}
`;
