// Jest Snapshot v1, https://goo.gl/fbAQLP

exports[`SetContactAttribForm render should render self, children with base props 1`] = `
Object {
  "add": true,
  "assets": FieldAssets {
    "assetType": "field",
    "assets": Object {
      "name": Object {
        "id": "name",
        "name": "Name",
        "type": "property",
      },
    },
    "endpoint": "/assets/fields.json",
    "idProperty": "key",
    "localStorage": true,
  },
  "helpText": "Select an existing attribute to update or type any name to create a new one",
  "initial": Object {
    "id": "Email",
    "name": "Email",
    "type": "property",
  },
  "name": "Attribute",
  "required": true,
  "showLabel": true,
}
`;
