// Jest Snapshot v1, https://goo.gl/fbAQLP

exports[`Canvas render default 1`] = `
<div
  className="canvasContainer"
>
  <div
    className="canvas"
    id="b1f332f3-bdd3-4891-aec5-1843a712dbf1"
    onMouseDown={[Function]}
    onMouseMove={[Function]}
    onMouseUp={[Function]}
    style={
      Object {
        "height": 1000,
      }
    }
  />
</div>
`;
