// Jest Snapshot v1, https://goo.gl/fbAQLP

exports[`LanguageSelector render should render select control: language selector 1`] = `
<div
  className="language-selector"
>
  <div
    className="language"
    key="lang_eng"
  >
    <div
      className="language_link active"
      onClick={[Function]}
    >
      English
    </div>
  </div>
  <div
    className="language"
    key="lang_fra"
  >
    <div
      className="separator"
    >
      |
    </div>
    <div
      className="language_link "
      onClick={[Function]}
    >
      French
    </div>
  </div>
  <div
    className="language"
    key="lang_spa"
  >
    <div
      className="separator"
    >
      |
    </div>
    <div
      className="language_link "
      onClick={[Function]}
    >
      Spanish
    </div>
  </div>
</div>
`;
