// Jest Snapshot v1, https://goo.gl/fbAQLP

exports[`OptionalTextInput renders 1`] = `
<div
  className="optional_text_input"
>
  <span
    className="toggle_link"
    data-spec="toggle-link"
    data-testid="toggle-link"
    onClick={[Function]}
  >
    Click me to show
  </span>
</div>
`;

exports[`OptionalTextInput updates 1`] = `
Object {
  "editing": true,
  "valid": true,
}
`;
